# Sun Apr 19 06:45:01 CEST 2015
players 4
rows 80
cols 200
m ....................%.................*%..........*.........%.........*........%........................................%...............*..%..............*.....%..................%....................
m ..........%%%......%%.......*..........%%..................%%..........*..*....%%......%%%....................%%%......%%..................%%.....*.*.........*%%..................%%......%%%..........
m %%....*..%%........%..*.....*...................................................%........%%...**..%%%%.......%%........%....*.......................................................%........%%.......%%
m .%%%%..%%.........%%............................*...............................%%.*.......%%..%%%%..%%%%..%%.........%%.......*....................................................%%.........%%..%%%%.
m ....%%%%.........%%%............................................................%%%......**.%%%%........%%%%.*.......%%%..........................*...............................*.%%%........*%%%%.*..
m ...............*.%%.....*.....%%................%%%%................%%...........%%................*.................%%...........%%................%%%%................%%.........*.%%.................
m ................%%.............%%...............%%%%...............%%..*..........%%................................%%.............%%...............%%%%...............%%.............%%................
m ................%......%.........%%..............................%%.........%......%....................*...........%....*.%.........%%..............................%%.........%......%.......*........
m ...............%%......%..........%..*...........................%..........%......%%..............................%%......%..........%..............................%..........%......%%...............
m ...............%.......%%.........%%............................%%.........%%....*..%..............................%.......%%.........%%............................%%.........%%.......%..*............
m ..............%%.......%%.*.......%%............................%%.........%%.......%%.....................*......%%.......%%.........%%............................%%.........%%.......%%..............
m .......%%%%%%%%........%%.........%%%%%......................%%%%%.........%%........%%%%%%%%..............%%%%%%%%........%%.........%%%%%.*....................%%%%%.........%%........%%%%%%%%.......
m .......%%%.............%%.*......%%...%%....................%%...%%........%%.............%%%......*.......%%%.............%%........%%...%%....................%%...%%........%%.............%%%.......
m ......%%......*.........%.......%%................................%%.......%*...............%%............%%...............*%.......%%................................%%.......%................%%......
m .....%%.................%%.....%%..................................%%.....%%.................%%..........%%.................%%.....%%..................................%%.....%%.................%%.....
m .....%%............*.....%%...%%....................................%%...%%..........*.......%%..........%%..................%%...%%....................................%%...%%*.................%%.....
m .....%%..........%%........%%%%......................................%%%%......*.%%..........%%..........%%*.........%%........%%%%........**..................*..*......%%%%........%%..........%%.....
m ......%..........%..........%%%.......................*.............*%%%..........%..........%*...........%........*.%..........%%%...*......*...........................%%%..........%........*.%......
m *.....%%.....*..%%...........%......................................*.%...........%%........%%............%%.....*..%%...........%.......................................*%...........%%........%%......
m ................%..........*%%....*...................................%%...*.......%...*............................%...........%%........................................%%...........%................
m ...............%%..........%%%.............%............%.............%%%..........%%...*.........................*%%..........%%%...........*.%.*..........%......*......%%%........*.%%...............
m ............%%%%%.........%%..............%..............%..............%%.........%%%%%........*...............%%%%%.........%%.......*......%..............%........*.....%%.........%%%%%.*..........
m ...........%%............%%..............%................%..............%%..........*.%%.....*................%%............%%..............%................%..............%%............%%...........
m ...........%%...*.......%%.......%%.....%....*.............%.....%%.......%%...........%%......................%%...........%%.......%%.....%..................%.....%%.......%%...........%%...........
m ..........*%...........%%........%%.....%%................%%.....%%........%%...........%.....*................%...........%%....*...%%.....%%................%%.....%%........%%...........%...........
m %..*......%%.........%%%.........%.*....%%................%%......%.........%%%.........%%.........%%.........%%.........%%%.........%......%%................%%......%.........%%%.........%%.........%
m %..*......%%.*......%%%.........%%......%%................%%......%%.........%%%........%%.........%%.*.....*.%%........%%%.........%%......%%...............*%%......%%.........%%%........%%.........%
m ..........%.........%%..........%........%................%........%..........%%.........%.....*...*..........%.........%%..........%........%................%........%..........%%.........%..........
m ........%%%%.......%%...........%........%.......*........%........%...........%%.......%%%%................%%%%.......%%...........%........%................%........%...........%%.......%%%%........
m ......%%%..%%.....%%...........%%........%................%........%%...........%%.....%%..%%%............%%%..%%.....%%...........%%........%................%........%%...........%%*....%%..%%%......
m ......%%....%%...%%..........%%%%.......%%%..*...........%%%.......%%%%..........%%...%%....%%......**....%%....%%...%%...*......%%%%.......%%%..............%%%.......%%%%..........%%...%%....%%......
m ......%......%%.%%.........%%%%.%%.....%%..................%%.....%%.%%%%.........%%.%%......%............%......%%.%%...*.....%%%%.%%.....%%...*..............%%.....%%.%%%%.........%%.%%......%...*..
m ......%.......%%%.........%%.....%%...%%....*....%%.........%%...%%.....%%.........%%%.......%...*...*....%.......%%%..*......%%.....%%...%%.........%%.........%%...%%.....%%.........%%%.......%......
m ......%........%%.........%.......%%.%%.......%%%%%%%%.......%%.%%.......%.........%%........%.........*..%........%%.........%.......%%.%%.......%%%%%%%%.......%%.%%.......%.........%%........%......
m ......%.*......%%.........%........%%%........%%....%%........%%%........%.....*...%%........%............%........%%.........%....*...%%%........%%....%%........%%%.....*..%.........%%*.......%......
m .....%%.........%.......%%%.........%........%%......%%........%.........%%%.......%...*....*%%.*........%%.........%.......%%%.........%........%%......%%........%.........%%%.......%......*..%%.....
m *....%%%..........*...%%%.%%........%........%........%.....*..%........%%.%%%..............%%%*.........%%%..............%%%*%%........%*.......%........%...*....%........%%.%%%..............%%%.*...
m .......%%%..........%%%....%%.......%.......%%........%%.....*.%*......%%....%%%..........%%%.......*......%%%..........%%%....%%.......%.......%%........%%.......%.......%%....%%%..........%%%...*...
m .........%%%........%.......%%......%%......%..........%......%%......%%.......%........%%%..................%%%.*......%.......%%......%%......%.......*..%......%%......%%.......%........%%%.........
m ...........%.................%%......%%....%%..........%%....%%......%%.................%............*.........%.................%%......%%....%%..........%%....%%......%%*................%...........
m ...........................*..%.......%%..%%..*........*%%..%%.......%............................................................%.......%%..%%*...........%%..%%.......%.........................*....
m .......................................%%%%%............%%%%%.............................*..............................*.................%%%%%............%%%%%.......................................
m .............*..........................%%%....*.........%%%................................................................................%%%..............%%%...................................*....
m .........................................%..*.............%...................*..............................................................%.......*........%.....................*...................
m ...................%%%%%%%%%%..........................................%%%%%%%%%%.......................*..............%%%%%%%%%%..........................................%%%%%%%%%%...................
m ...........%%%%%%%%%%%%%%%%%%%........................................%%%%%%%%%%%%%%%%%%%..................*...%%%%%%%%%%%%%%%%%%%..............*.........................%%%%%%%%%%%%%%%%%%%...........
m ...*.....%%%%%%.*............%%......................*.............*.%%..............%%%%%%..................%%%%%%..............%%......................................%%.....*........%%%%%%.........
m ......%%%%%...................%..%%%%%%%%..................%%%%%%%%..%...................%%%%%...*........%%%%%...................%..%%%%%%%%...*..............%%%%%%%%..%....**.............%%%%%......
m %%%%%%%%.........*.............%%%%%%...%..*...............%...%%%%%%...................*...%%%%%%%%%%%%%%%%.......................%%%%%%...%.......*..........%...%%%%%%.......................%%%%%%%%
m ..%%%..................*............*...%..................%..................*................%%%....%%%...................................%..................%..........*........................%%%..
m ........................................%%................%%..............................................*...................*.............%%................%%................................*.......
m .........................................%................%.........*...................................................*...............*....%.......*........%.........................................
m .........................................%................%......................................*...................*.......................%................%.........................*...............
m ............................%%...........%%..............%%...........%%..............................*......................*..%%...........%%..........*...%%...........%%............................
m ......................%%%%%%%%%...........%..............%...........%%%%%%%%%.................................*..........%%%%%%%%%...........%.........*....%...........%%%%%%%%%......................
m .....%...........%%%%%%%%.....%%..........%%....*.......%%....*.....%%.....%%%%%%%%......*....%..........%...........%%%%%%%%.....%%..........%%............%%..........%%.....%%%%%%%%...........%.....
m .....%%%........%%%%......*....%%..................................%%...........%%%%........%%%..........%%%........%%%%...........%%..................................%%...........%%%%........%%%.....
m .......%%%%....%................%%*..............................*%%................%....%%%%..............%%%%....%....*...........%%................*...............%%................%....%%%%.......
m ..........%%%%%...*..............%%..............................%%..................%%%%%....................%%%%%.....*............%%..............................%%.........*........%%%%%..........
m ............%%...................%%%............................%%%...................%%..*.....................%%..*................%%%........*...................%%%...................%%............
m .............%....................%..............%%*.............%....................%..........................%....................%..............%%..............%....*...............%.............
m .............%....................%.........*...%%%%.............%.........*.....*....%..........................%....................%.............%%%%.......*.....%....................%...........*.
m .............%...................%%............%%%%%%............%%...................%...*........*.............%...............*...%%............%%%%%%...........*%%...*.*.............%.............
m ...............*..........*.......%%..........%%%..%%%..........%%....................................................................%%..........%%%..%%%..........%%..................................
m ......*...........................*%%.........%%....%%.........%%....................................................................*.%%.........%%....%%.........%%...................................
m ....................................%*.......%........%........%................................*..*............................*.......%..*.....%........%........%................................*...
m .........................%...........%...*..%..........%......%...........%.....*.....................*...*..................%......*....%......%..........%......%...........%*...........*............
m .......................%%%.................%%..........%%.................%%%........*.............**......................%%%.................%%..........%%.................%%%....*..................
m ....................%%%%...........*.......%%..........%%...................%%%%..............................*.........%%%%...*...............%%.......*..%%...................%%%%....................
m %%%%%..............%%....*..................%..........%..........*..........*.%%..............%%%%%%%%%%..............%%.......................%..........%.......................%%..............%%%%%
m ...%%%%..........%%%........................%.....*....%........................%%%..........%%%%...*..%%%%..........%%%........................%......*...%........................%%%..........%%%%...
m .....%%%.......%%%%.........................%..........%.........................%%%%.......%%%.....*....%%%.......%%%%.........................%...*......%....................*....%%%%.......%%%.....
m .......%%%...%%%............................%%........%%............................%%%...%%%..............%%%...%%%............................%%........%%............................%%%...%%%.......
m .........%%%%%..........*...................%%.....*..%%......*............*......*...%%%%%..................%%%%%..........*.........*.........%%........%%...................*..........%%%%%.*.......
m ...........%...........*0*.........%............................%.........*1*...........%......................%...........*2*.........%................*...........%.........*3*...........%...........
m .................*......*.....%%%%%%%..........................%%%%%%%.....*.............*..*....*..........................*.....%%%%%%%......*...................%%%%%%%.....*........................
m .............................*%%....%%%.......*.........*....%%%....%%...............................*............................%%....%%%...........*..........%%%....%%.............*................
m ...........................%%%%**.....%......................%....*..%%%%*................................................*....%%%%.......%............*.........%.......%%%%..........*................
m ...*.................%%%%%%%%%........%%....................%%........%%%%%%%%%..........................................%%%%%%%%%........%%*...................%%........%%%%%%%%%.....................
m ......*..........*...%%................%...................*%................%%...........*.....*........................%%................%....................%................%%..........*.......*..
