# Sun Apr 19 06:36:01 CEST 2015
players 2
rows 50
cols 140
m ........*.....%%%%.............%%...................................................%%%%..........*..%%.....................................
m .............%%..%%%............%%....%%%%.........................................%%..%%%............%%....%%%%............................
m ............%%....................%%%%%...........................................%%....................%%%%%...............................
m %%%%%%%%...%%......................................................%%%%%%%%%%%...%%......................................................%%%
m %%%%%.%%%%%%......................................%................%%%%%%%%.%%%%%%..*...................................%.........*......%%%
m ..........%.....*................................%%......%......................%...................*..................%%......%...*........
m .............*.................................%%%.......%%..........................................................%%%.......%%....*......
m ......................%%%%....................%%..........%%................................%%%%.....*..............%%..........%%..........
m .....................%%......................%%............%%...............*..............%%...................*..%%............%%..*......
m ............%%%%%...%%...**.......%%........%%.....*........%%%%..................%%%%%...%%............%%........%%..............%%%%......
m ....*........*.%%%%%%............%%.*......%%................%.......................%%%%%%...*........%%*.......%%................%........
m ...............................%%........%%.................................................*........%%........%%..................*........
m ..%%...................*......%%........%%..............................%%..........................%%.......*%%............................
m %%.%%%.......*................%.........%%............................%%.%%%......*.................%.*.......%%...*...*....................
m ......%%%.....................%......**.%%.................%................%%%.....................%.........%%.................%..........
m ........%%...................%%.........%%..........%......%%..*..............%%...................%%..*......%%..........%.*....%%.........
m ..........%................%%%..........%%.........%%.......%...................%.....*..........%%%.....*....%%.........%%.......%.........
m ..*.......%.........*....%%%..*....................%........%...................%..............%%%.......................%...*....%.........
m ..................*%%%%%%%........................%..........%...........................%%%%%%%...........*............%..........%........
m .............*....%%...%%*.......*...............%%..........%..........................%%...%%........................%%..........%........
m ........................%%.........%.............%...........%.......%........................%%.....*...%.......*.....%...........%.*.....%
m %........................%.........%.....*......%%..........%%........%........................%.........%............%%..........%%.*...*..
m %%.....%.....0...........%%........%*..........%%...........%.........%%.....%.....1...........%%........%*..........%%...........%.........
m .%%...%%%.................%........%..........%%...........%%..*.......%%...%%%.................%........%..........%%......*....%%.........
m ..%.....%%................%%.......%%.........%......*.....%......*.....%.....%%................%%.......%%.........%............%..........
m .%%......%%................%........%%.......%.......*.....%...........%%......%%............*...%........%%.......%............*%*.........
m .%........%%..............%%.........%...*............*.%%%%%..........%........%%..............%%.........%............*.....%%%%%.........
m .%.........%%.............%..........%..................%...%%%........%.........%%...........*.%..........%..*...............%...%%%.......
m .*..........%%%%%%.....*.%%.........%%........................%%..................%%%%%%.......%%.........%%........................%%......
m .............%%%.%%%.............*..%%....*..........*.........%%%.........*.......%%%.%%%................%%....*....................%%%....
m .............%......%................%%.....................*....%.................%......%................%%..........................%....
m ............%%.....*....*........*....%%......%%......%%..........................%%........................%%......%%......%%..............
m ......*.....%..........................%%......%%%..%%%.................*.........%.........*......*.........%%......%%%..%%%*........*.....
m ............%.................%%........%%.......%%%%.............................%.................%%........%%.......%%%%.................
m ......%.......................%%.........%........%%........................%.............*........*%%.........%.......*%%.................*
m .....%..*......................%%........%*.......%..............%.........%.........................%%........%........%...*.*...*....%....
m ...%%%..........................%%................%...............%......%%%........................*.%%............*...%.....*.........%...
m %%%%.............................%%...*...........%........%.......%..%%%%..............*..............%%...............%........%.......%..
m %......*..........................%%..............%........%........%%%..................*..*...........%%..............%*.......%........%%
m ......*................%...........%%.............%.......%.........%........................%...........%%.*..........*%.......%*........%.
m .................%%%%%%%...........%%%%%%.................%.........%.................*%%%%%%%...........%%%%%%.................%.........%.
m ...............%%%%....%............%%%.%%.....*.........%%.........%................%%%%....%.........*..%%%.%%...............%%....*....%.
m ..............%.........%.................%..............%%.........%...............%.........%.................%..............%%.........%.
m ........%%%%%%..........%.............*...%%...........%%%..........%.........%%%%%%..*.......%.................%%*..........%%%..........%.
m .......%...........*.....%.................%...*.......%%%%..................%.................%.................%...........%%%%...........
m .*....%............*.......................%%%.........*..%%................%.......................*.*..........%%%....*.......%%..........
m .....%.........*...........*.%%..............%%%...........%%%%%%..........%.......*...............%%.............*%%%...........%%%%%%.....
m ....%.........................%.................%%%.............*.........%.........................%........*........%%%...................
m ..............................%...................%.....................*.*.........................%.......*...........%...................
m .*............................%%..............*.....................................................%%......................................
