# Sun Apr 19 06:48:06 CEST 2015
players 4
rows 120
cols 132
m ....%%%..........%...........*..................%......*...%%%........%%%..........%.............*................%..........%%%....
m ...%%%.*........%%..............................%%..........%%%......%%%..........%%............................*.%%..........%%%...
m ..%%%%..........%%%.......*.*..................%%%..........%%%%....%%%%..........%%%............................%%%..........%%%%..
m ....%%%%.........%%%.......*..................%%%.........%%%%.*......%%%%.........%%%..........................%%%.........%%%%....
m ......%%%.........%%.....*....................%%.........%%%............%%%.........%%..........................%%.........%%%......
m .......%%%%........%%........................%%........%%%%............*.%%%%........%%........................%%........%%%%.*.....
m .........%%%.......%%%......................%%%.......%%%.....*......*.....%%%.......%%%.................*....%%%.......%%%.....*...
m ..........%.........%%......................%%*........%....................%.....*...%%......................%%.........%..........
m ....................%%%....................%%%..*....................................*%%%.........*..........%%%....................
m ....................%%......................%%......*..*.....................*........%%..*...........*.......%%.......*............
m ....................%%.....................*%%..........................*.............%%......................%%....................
m ..........%........%%........................%%........%.............*.....*%........%%....................*...%%........%..........
m ......*..%%%.......%%........................%%.......%%%..................%%%.......%%.....................*..%%.......%%%.........
m ........%%%.......%%%........................%%%.......%%%................%%%.......%%%................*.......%%%.......%%%.*..*...
m ........%%%.......%%..........................%%.......%%%................%%%.......%%..........................%%.......%%%.*......
m .........%%........%%.........*..............%%........%%..................%%........%%........................%%........%%.........
m .........%%........%%...........%%...........%%........%%..................%%........%%...........%%...........%%........%%.......*.
m .........%%........%%..........%%%%..*.......%%........%%..................%%........%%*.........%%%%..........%%........%%.........
m .........%%........%%.........%%%%%%.........%%........%%.........*........%%........%%.........%%%%%%.........%%........%%.........
m .........%%.......%%..........%%%%%%*.........%%.......%%..................%%.......%%..........%%%%%%..........%%.......%%.........
m .........%%.*....*%%.........%%%..%%%.........%%.......%%..................%%.......%%.........%%%..%%%...*.....%%.......%%.........
m .........%%%......%%........%%%....%%%........%%......%%%............*.....%%%......%%........%%%....%%%........%%......%%%.........
m .........%%%.....%%%........%%......%%........%%%.....%%%..................%%%.....%%%........%%......%%........%%%.....%%%.........
m ..........%%%%...%%..*.....%%........%%........%%...%%%%....................%%%%...%%.*......%%........%%........%%...%%%%..........
m *..........%%%...%%%......%%........*.%%......%%%...%%%*.....................%%%...%%%.*....%%..........%%......%%%...%%%...........
m ...........%%%...%%%.....%%%.........*%%%.....%%%...%%%...*.......*..........%%%...%%%..*..%%%..*.......%%%.....%%%...%%%...........
m ...........%%.....%%......%%..........%%*.....%%.....%%....................*.%%....*%%......%%..........%%......%%.....%%...........
m ...........%%.....%%......%%..........%%......%%.....%%......................%%.....%%......%%..........%%......%%.....%%...........
m ...........%%.....%%.......%%........%%.......%%.....%%.......*..............%%.....%%.......%%........%%*......%%.....%%...*.......
m ...........%......%%.......%%........%%.......%%......%......................%......%%......*%%........%%..*....%%......%...........
m ..........%%.......%%......%%%......%%%......%%.......%%....................%%.......%%......%%%......%%%......%%.......%%..........
m ..........%%.......%%.......%%......%%.......%%..*....%%....................%%.......%%.......%%......%%.......%%.......%%..........
m .*........%%.......%%.......%%%....%%%.......%%.......%%*...................%%.......%%.......%%%....%%%.......%%.......%%..........
m .......%%%%%.......%%........................%%......*%%%%%..............%%%%%.......%%.....*..................%%.......%%%%%.......
m ...*...%%..........%%%......................%%%.....*....%%..............%%..........%%%.......*..............%%%..........%%.......
m ...................%%........................%%......................................%%........................%%....***............
m ..................%%%........................%%%....................................%%%......*.................%%%..................
m ..................%%..........................%%...............*....................%%..........................%%..................
m ..................%%%.....**.........**...*..%%%.........................*..........%%%........................%%%..........*.......
m *..................%%%......................%%%......................................%%%......................%%%...................
m ....%%..............%%%*...................%%%..............%%........%%...........*..%%%....................%%%..............%%....
m %%%%%%%%............*%%%..................%%%.............%%%%%%%%%%%%%%%%........*....%%%......*...........%%%.............%%%%%%%%
m %%%...%%%.............%%%................%%%.............%%%...%%%%%%...%%%.............%%%...............*%%%.............%%%...%%%
m .....*.%%%.*...........%..................%.........*...%%%...*....*.....%%%.............%................*.%.............%%%.......
m ........%%%%%.....*............................*.....%%%%%................%%%%%.....*............................*.....%%%%%........
m ..........%%%....*0*..........................*1*....%%%....................%%%....*2*..........................*3*....%%%..........
m *.................*............*...............*.........................*..........*............*...............*..................
m .....*.................................................*.......................................................................*....
m ........................*..........................................................................................*................
m ...................................................................................*................................................
m .....%%%%.............................*..................%%%%*.........%%%%................................................%%%%.....
m %%%%%%%%%.........%%%.*......................%%%.........%%%%%%%%%%%%%%%%%%...*.....%%%......*.........*.......%%%......*..%%%%%%%%%
m %%%%%............%%%%%......................%%%%%.*..........%%%%%%%%%%............%%%%%...*..................%%%%%.........*..%%%%%
m %..............%%%%%.%%....................%%.%%%%%.....*........%%..............%%%%%.%%..*.................%%.%%%%%.............*%
m ......*......%%%%%....%%..................%%....%%%%%................*.........%%%%%....%%..................%%...*%%%%%.............
m ...........%%%%%.....*................*...........%%%%%......................%%%%%..................................%%%%%.........*.
m ..........%%%%......................................%%%%....................%%%%......................................%%%%..........
m ..........%%..................................*.......%%........*...........%%...........................*..............%%...*......
m ..........%%..........................................%%....................%%..........................................%%..........
m *.......*%%....................................*.......%%...........*......%%...................................**.......%%.........
m ..........%%..........................................%%....................%%..............*..................*........%%..........
m ..........%%%........................................%%%....................%%%........*...............................%%%........*.
m ...........%.........%...........*..........%.........%......................%.........%......................%.......*.%...........
m ..................*.%%......................%%..........*.............................%%......................%%...................*
m ....*................%%....................%%.*...........*............................%%....................%%..*..................
m .....................%%%%................%%%%..........................................%%%%................%%%%...*.................
m ....................%%%%%..*.......*.....%%%%%.................................*......%%%%%................%%%%%....................
m .*.................%%%..%................%..%%%......................................%%%..%....*...........%..%%%...................
m .........%........%%%........................%%%........%..................%........%%%........................%%%.*......%.........
m .........%%...*..%%%......*.............*.....%%%......%%..................%%......%%%..........................%%%......%%.........
m ..........%%....%%%............................%%%....%%....................%%....%%%............................%%%....%%..........
m ...........%%%%%%%.........%%........%%.........%%%%%%%...*..................%%%%%%%.........%%........%%.*.......%%%%%%%..........*
m ...........%%%%%%.........%%%........%%%.........%%%%%%......................%%%%%%.........%%%........%%%.........%%%%%%...........
m .........................%%%..........%%%..................................................%%%..........%%%.........................
m .........................%%............%%..................................................%%............%%.........................
m ..................*.....%%%............%%%....*...........................................%%%............%%%...*................*...
m .......................%%%..............%%%..*.*.......................................*.%%%..............%%%.......................
m ...........*.......%...%%................%%...%......................................%..*%%................%%...%...................
m ........%.........%%%%%%%.........**.....%%%%%%%.........%....*...........%.........%%%%%%%............*...%%%%%%%.........%........
m %%%%%%%%%%.......%%%.*%%..................%%.*%%%.......%%%%%%%%%%%%%%%%%%%%.......%%%..%%..................%%..%%%.......%%%%%%%%%%
m %%%%%%%.........%%%............................%%%.........%%%%%%%%%%%%%%.........%%%...........*................%%%......*..%%%%%%%
m %%%............%%%..............................%%%............%%%%%%............%%%.......*......................%%%............%%%
m ..............%%%................................%%%............................%%%................................%%%..............
m .............%%%.........*........................%%%..........................%%%...........*...........*..........%%%.............
m ..............%.....*.....%%........*.%%...........%............................%...........%%..........%%...........%.........*....
m ..............%%..........%%.....*....%%..........%%............................%%..........%%.......*..%%..........%%..............
m .*...........%%%....*....%%............%%.........%%%..........................%%%.........%%.......*....%%.........%%%.............
m ............%%%......*...%%............%%..........%%%........................%%%..........%%............%%..........%%%............
m ...........%%%.....%%....%%............%%....%%.....%%%......................%%%.....%%....%%............%%.*..%%.....%%%...........
m ..........%%%......%%....%%%..........%%%*...%%......%%%....*...............%%%......%%....%%%.*........%%%*...%%......%%%..........
m .........%%%.......%%.....%%..........%%.....%%.......%%%..................%%%.......%%.....%%..........%%.....%%.......%%%*........
m ........%%%........%%.....%%..........%%.....%%........%%%................%%%........%%.....%%..........%%.....%%........%%%........
m ....%%%%%%.........%%......%%........%%......%%.........%%%%%%........%%%%%%......*..%%......%%........%%......%%.........%%%%%%....
m ....%%%%%.........%%.......%%........%%.......%%.........%%%%%........%%%%%.........%%.*.....%%........%%.*.....%%.........%%%%%....
m .*..%%%.....*.....%%.......%%%......%%%.......%%...........%%%........%%%...........%%.......%%%......%%%.......%%...........%%%*...
m ....%%%...........%%........%%......%%........%%...........%%%........%%%...........%%........%%......%%........%%...........%%%....
m ....%%%.*.........%%........%%%....%%%........%%...........%%%........%%%.*....*...*%%........%%%....%%%........%%...........%%%....
m ....%%...........%%%........%%%....%%%....*...%%%...........%%.......*%%...........%%%........%%%....%%%*.......%%%...........%%....
m ....%%.......*.%%%%....*....%%%%%%%%%%..*......%%%%.........%%........%%.........%%%%.........%%%%%%%%%%.........%%%%.......*.%%....
m ....%%.........%%........%%%%%.%%%%.%%%%%........%%....*....%%........%%*........%%........%%%%%.%%%%.%%%%%........%%.........%%....
m ....%%........%%.........%%%..........%%%.........%%........%%........%%........%%.........%%%..........%%%.........%%....*...%%....
m ....%%........%%..........................*.......%%........%%........%%........%%.....*............................%%.....*..%%....
m ....%%........%%.*................................%%........%%........%%........%%..................................%%.......*%%....
m ....%...*.....%%.......*.*....*..............*....%%.........%........%.........%%..................................%%.........%....
m ..............%%%................................%%%..*.........................%%%....*...........................%%%............*.
m ....*....%%....%%%..............................%%%....%%*.................%%....%%%..............................%%%....%%...*.....
m .........%%.....%%%............................%%%.....%%..................%%.....%%%............................%%%.....%%.........
m .........%%.*....%%%..........................%%%......%%..................%%......%%%..........*...............%%%......%%*.......*
m ......*..%........%%%..%..................%..%%%........%..................%........%%%..%..................%..%%%......*.%.........
m ........%%.........%%%%%%......*.........%%%%%%.........%%................%%.........%%%%%%...*............%%%%%%........*%%........
m ........%%.........*...%%%..............%%%.............%%.........*......%%.............%%%..............%%%.*...........%%...*....
m ........%%..............%%%..........*.%%%..............%%................%%..............%%%............%%%.......*......%%........
m .......*%%..............%%..............%%..............%%..........*.....%%..............%%..............%%..............%%........
m .*......%%%%............%%..............%%............%%%%..............*.%%%%............%%..............%%............%%%%........
m .......%%%%%%%%.........%%........*.....%%.........%%%%%%%%..............%%%%%%%%.........%%....*.........%%.........%%%%%%%%.......
m .......%%....%%%........%%........*.....%%........%%%....%%..............%%....%%%........%%..............%%........%%%....%%..*....
m ......%%%..............%%................%%..............%%%............%%%..............%%................%%..........*...%%%......
m ......%%...............%%.......*........%%...............%%..........*.%%...........*...%%................%%...............%%......
m .....%%%...............%%.....*..........%%..**...........%%%..........%%%...............%%................%%...............%%%.....
m .....%%.*..............%%................%%................%%..........%%................%%................%%.....*....*.....%%.....
